// Jest Snapshot v1, https://goo.gl/fbAQLP

exports[`renders correctly 1`] = `
Array [
  <label
    className="Label Label__block"
  >
    <span
      className="Label-text"
    >
      A
    </span>
  </label>,
  <input
    className="Input DateField"
    onChange={[Function]}
    type="date"
    value=""
  />,
]
`;
